HEALTH_COMMAND=python scripts/ci.py
[1/13] /tmp/l9-organism/.venv3-l9-assurance/bin/python scripts/sync_protocol_bundle.py --check
Protocol bundle verified: 38 authority files
[2/13] /tmp/l9-organism/.venv3-l9-assurance/bin/python -m compileall -q src scripts tests
[3/13] /tmp/l9-organism/.venv3-l9-assurance/bin/python scripts/validate_schemas.py
Schemas valid: 20
[4/13] /tmp/l9-organism/.venv3-l9-assurance/bin/python scripts/validate_registries.py
Registries and relationships valid
[5/13] /tmp/l9-organism/.venv3-l9-assurance/bin/python scripts/validate_boundaries.py
Architecture boundaries valid: Python authoritative, offline evaluator, no legacy execution authority
[6/13] /tmp/l9-organism/.venv3-l9-assurance/bin/python scripts/validate_l9_alignment.py
L9 alignment: PASS (metadata, transport applicability, boundaries, replay, schema policy)
[7/13] /tmp/l9-organism/.venv3-l9-assurance/bin/python scripts/validate_fixtures.py
Fixtures valid: 6 positive, 8 negative, 8 canonicalization vectors
[8/13] /tmp/l9-organism/.venv3-l9-assurance/bin/python -m pytest -q
........................................................................ [ 74%]
.........................                                                [100%]
=========================== short test summary info ============================
SKIPPED [1] tests/cross_repo/test_repository_metadata_control.py:55: l9-ci has no repository-metadata producer (No module named 'l9_ci'); run the cross-repo CI job to prove this
SKIPPED [1] tests/cross_repo/test_sdk_assurance_observation.py:63: l9-ci is not installed (No module named 'l9_ci'); run the cross-repo CI job to prove this seam
SKIPPED [1] tests/cross_repo/test_sdk_validation_control.py:87: l9-ci is not installed (No module named 'l9_ci'); run the cross-repo CI job to prove this
97 passed, 3 skipped in 3.74s
[9/13] /tmp/l9-organism/.venv3-l9-assurance/bin/python scripts/verify_replay.py
Replay verified: decision and summary byte-identical
[10/13] /tmp/l9-organism/.venv3-l9-assurance/bin/python scripts/benchmark.py
{
  "schema": "l9.assurance-benchmark",
  "schemaVersion": "1.0.0",
  "admission": {
    "observations": 1000,
    "seconds": 1.409496,
    "objectiveSeconds": 5.0,
    "passed": true
  },
  "evaluation": {
    "decisions": 500,
    "seconds": 0.433094,
    "objectiveSeconds": 2.0,
    "passed": true
  }
}
[11/13] /tmp/l9-organism/.venv3-l9-assurance/bin/python scripts/generate_inventory.py --check
Final tree inventory: PASS
[12/13] /tmp/l9-organism/.venv3-l9-assurance/bin/python scripts/generate_l9_meta.py --check
L9 metadata coverage: PASS (258 files)
[13/13] /tmp/l9-organism/.venv3-l9-assurance/bin/python scripts/validate_completeness.py
{
  "status": "pass",
  "runtime": "python",
  "release": "2.1.1",
  "releaseFiles": 258,
  "sourceFiles": 44,
  "schemas": 20,
  "testModules": 22,
  "failures": []
}
Processing ./.
  Preparing metadata (pyproject.toml): started
  Preparing metadata (pyproject.toml): finished with status 'done'
Building wheels for collected packages: l9-assurance
  Building wheel for l9-assurance (pyproject.toml): started
  Building wheel for l9-assurance (pyproject.toml): finished with status 'done'
  Created wheel for l9-assurance: filename=l9_assurance-2.1.1-py3-none-any.whl size=90246 sha256=9312378230f7d66de10be210e5f4900e3c6dcdd0bcf7a84a92f9b515af9f4173
  Stored in directory: /tmp/pip-ephem-wheel-cache-tomzro4a/wheels/8b/a6/53/c216576b75a27a18dffadf2340791e9411cb5bbf6d8384c388
Successfully built l9-assurance
Wheel built: l9_assurance-2.1.1-py3-none-any.whl
Processing /tmp/l9-assurance-wheel-kx6ayp3i/l9_assurance-2.1.1-py3-none-any.whl
Installing collected packages: l9-assurance
Successfully installed l9-assurance-2.1.1
Wheel installed and exercised from the isolated environment without repository checkout
L9 Assurance Python CI: PASS
