Using CPython 3.11.15 interpreter at: /usr/local/bin/python3
Creating virtual environment with seed packages at: .venv3-l9-ci-debt-intelligence
 + packaging==26.3
 + pip==26.2.1
 + setuptools==84.0.0
 + wheel==0.48.0
Activate with: source .venv3-l9-ci-debt-intelligence/bin/activate
HAS_BUILD_SYSTEM=yes
Using Python 3.11.15 environment at: /tmp/l9-organism/.venv3-l9-ci-debt-intelligence
Resolved 19 packages in 1.39s
   Building l9-ci-debt-intelligence @ file:///tmp/l9-organism/layer1-trees/l9-ci-debt-intelligence
      Built l9-ci-debt-intelligence @ file:///tmp/l9-organism/layer1-trees/l9-ci-debt-intelligence
Prepared 1 package in 709ms
Installed 18 packages in 248ms
 + attrs==26.1.0
 + cffi==2.1.1
 + cryptography==50.0.1
 + duckdb==1.5.5
 + iniconfig==2.3.0
 + jsonschema==4.26.0
 + jsonschema-specifications==2025.9.1
 + l9-ci-debt-intelligence==0.2.0 (from file:///tmp/l9-organism/layer1-trees/l9-ci-debt-intelligence)
 + pluggy==1.6.0
 + pyarrow==19.0.1
 + pycparser==3.0
 + pygments==2.21.0
 + pytest==8.4.2
 + pyyaml==6.0.3
 + referencing==0.37.0
 + rpds-py==2026.6.3
 + ruff==0.16.6
 + typing-extensions==4.16.0
INSTALL_MODE=editable_with_dev_extras
-- repo-declared toolchain: requirements-ci.txt --
Using Python 3.11.15 environment at: /tmp/l9-organism/.venv3-l9-ci-debt-intelligence
Resolved 11 packages in 224ms
Downloading ast-serialize (1.2MiB)
 Downloading ast-serialize
Prepared 1 package in 50ms
Installed 7 packages in 252ms
 + ast-serialize==0.10.0
 + librt==0.15.0
 + mypy==2.3.1
 + mypy-extensions==1.1.0
 + pathspec==1.1.1
 + types-jsonschema==4.26.0.20260518
 + types-pyyaml==6.0.12.20260906
