Using CPython 3.11.15 interpreter at: /usr/local/bin/python3
Creating virtual environment with seed packages at: .venv3-l9-ci-sdk
 + packaging==26.3
 + pip==26.2.1
 + setuptools==84.0.0
 + wheel==0.48.0
Activate with: source .venv3-l9-ci-sdk/bin/activate
HAS_BUILD_SYSTEM=yes
Using Python 3.11.15 environment at: /tmp/l9-organism/.venv3-l9-ci-sdk
Resolved 8 packages in 14ms
   Building l9-ci @ file:///tmp/l9-organism/layer1-trees/l9-ci-sdk
      Built l9-ci @ file:///tmp/l9-organism/layer1-trees/l9-ci-sdk
Prepared 1 package in 416ms
Installed 8 packages in 3ms
 + attrs==26.1.0
 + jsonschema==4.26.0
 + jsonschema-specifications==2025.9.1
 + l9-ci==2.0.0 (from file:///tmp/l9-organism/layer1-trees/l9-ci-sdk)
 + pyyaml==6.0.3
 + referencing==0.37.0
 + rpds-py==2026.6.3
 + typing-extensions==4.16.0
warning: The package `l9-ci @ file:///tmp/l9-organism/layer1-trees/l9-ci-sdk` does not have an extra named `dev`
INSTALL_MODE=editable_with_dev_extras
-- repo-declared toolchain: requirements-ci.txt --
Using Python 3.11.15 environment at: /tmp/l9-organism/.venv3-l9-ci-sdk
Resolved 22 packages in 82ms
Installed 14 packages in 30ms
 + ast-serialize==0.10.0
 + iniconfig==2.3.0
 + librt==0.15.0
 + mypy==2.3.1
 + mypy-extensions==1.1.0
 + pathspec==1.1.1
 + pluggy==1.6.0
 + pygments==2.21.0
 + pytest==9.1.1
 + rfc3339-validator==0.1.4
 + ruff==0.16.4
 + six==1.17.0
 + types-jsonschema==4.26.0.20260518
 + types-pyyaml==6.0.12.20260724
