Using CPython 3.11.15 interpreter at: /usr/local/bin/python3
Creating virtual environment with seed packages at: .venv3-l9-ci-debt-resolver
 + packaging==26.3
 + pip==26.2.1
 + setuptools==84.0.0
 + wheel==0.48.0
Activate with: source .venv3-l9-ci-debt-resolver/bin/activate
HAS_BUILD_SYSTEM=yes
Using Python 3.11.15 environment at: /tmp/l9-organism/.venv3-l9-ci-debt-resolver
Resolved 21 packages in 34ms
   Building l9-ci-debt-resolver @ file:///tmp/l9-organism/layer1-trees/l9-ci-debt-resolver
      Built l9-ci-debt-resolver @ file:///tmp/l9-organism/layer1-trees/l9-ci-debt-resolver
Prepared 1 package in 441ms
Installed 20 packages in 32ms
 + attrs==26.1.0
 + coverage==7.16.0
 + iniconfig==2.3.0
 + jsonschema==4.26.0
 + jsonschema-specifications==2025.9.1
 + l9-ci-debt-resolver==0.7.0 (from file:///tmp/l9-organism/layer1-trees/l9-ci-debt-resolver)
 + librt==0.15.0
 + mypy==1.20.2
 + mypy-extensions==1.1.0
 + pathspec==1.1.1
 + pluggy==1.6.0
 + pygments==2.21.0
 + pytest==8.4.2
 + pytest-asyncio==0.26.0
 + pytest-cov==6.3.0
 + pyyaml==6.0.3
 + referencing==0.37.0
 + rpds-py==2026.6.3
 + ruff==0.16.6
 + typing-extensions==4.16.0
INSTALL_MODE=editable_with_dev_extras
-- repo-declared toolchain: requirements-ci.txt --
Using Python 3.11.15 environment at: /tmp/l9-organism/.venv3-l9-ci-debt-resolver
Resolved 10 packages in 18ms
Installed 2 packages in 2ms
 + types-jsonschema==4.26.0.20260518
 + types-pyyaml==6.0.12.20260906
