Using CPython 3.11.15 interpreter at: /usr/local/bin/python3
Creating virtual environment with seed packages at: .venv3-l9-ci-debt-lsp
 + packaging==26.3
 + pip==26.2.1
 + setuptools==84.0.0
 + wheel==0.48.0
Activate with: source .venv3-l9-ci-debt-lsp/bin/activate
HAS_BUILD_SYSTEM=yes
Using Python 3.11.15 environment at: /tmp/l9-organism/.venv3-l9-ci-debt-lsp
Resolved 33 packages in 431ms
   Building l9-ci-debt-lsp @ file:///tmp/l9-organism/layer1-trees/l9-ci-debt-lsp
      Built l9-ci-debt-lsp @ file:///tmp/l9-organism/layer1-trees/l9-ci-debt-lsp
Prepared 1 package in 512ms
Installed 32 packages in 81ms
 + anyio==4.15.1
 + attrs==26.1.0
 + cattrs==26.2.0
 + certifi==2026.7.22
 + cffi==2.1.1
 + coverage==7.16.0
 + cryptography==50.0.1
 + h11==0.16.0
 + httpcore==1.0.9
 + httpx==0.28.1
 + idna==3.19
 + iniconfig==2.3.0
 + jsonschema==4.26.0
 + jsonschema-specifications==2025.9.1
 + l9-ci-debt-lsp==1.0.0 (from file:///tmp/l9-organism/layer1-trees/l9-ci-debt-lsp)
 + librt==0.15.0
 + lsprotocol==2023.0.1
 + mypy==1.20.2
 + mypy-extensions==1.1.0
 + pathspec==1.1.1
 + pluggy==1.6.0
 + pycparser==3.0
 + pygls==1.3.1
 + pygments==2.21.0
 + pytest==8.4.2
 + pytest-asyncio==0.26.0
 + pytest-cov==6.3.0
 + pyyaml==6.0.3
 + referencing==0.37.0
 + rpds-py==2026.6.3
 + ruff==0.16.6
 + typing-extensions==4.16.0
INSTALL_MODE=editable_with_dev_extras
-- repo-declared toolchain: requirements-ci.txt --
Using Python 3.11.15 environment at: /tmp/l9-organism/.venv3-l9-ci-debt-lsp
Resolved 5 packages in 32ms
Installed 1 package in 3ms
 + types-jsonschema==4.26.0.20260518
