Using CPython 3.11.15 interpreter at: /usr/local/bin/python3
Creating virtual environment with seed packages at: .venv-l9-observability-core
 + packaging==26.3
 + pip==26.2.1
 + setuptools==84.0.0
 + wheel==0.48.0
Activate with: source .venv-l9-observability-core/bin/activate
HAS_BUILD_SYSTEM=yes
Using Python 3.11.15 environment at: /tmp/l9-organism/.venv-l9-observability-core
Resolved 25 packages in 57ms
   Building l9-observability-core @ file:///home/user/l9-observability-core
      Built l9-observability-core @ file:///home/user/l9-observability-core
Prepared 1 package in 1.09s
Installed 24 packages in 27ms
 + annotated-types==0.8.0
 + ast-serialize==0.9.0
 + attrs==26.1.0
 + build==1.6.0
 + iniconfig==2.3.0
 + jsonschema==4.26.0
 + jsonschema-specifications==2025.9.1
 + l9-observability-core==1.0.0 (from file:///home/user/l9-observability-core)
 + librt==0.15.0
 + mypy==2.3.1
 + mypy-extensions==1.1.0
 + pathspec==1.1.1
 + pluggy==1.6.0
 + pydantic==2.13.5
 + pydantic-core==2.46.5
 + pygments==2.21.0
 + pyproject-hooks==1.2.0
 + pytest==9.1.1
 + pyyaml==6.0.3
 + referencing==0.37.0
 + rpds-py==2026.6.3
 + ruff==0.16.5
 + typing-extensions==4.16.0
 + typing-inspection==0.4.4
INSTALL_MODE=editable_with_dev_extras
