ensurepip ok: l9-ci-debt-intelligence
ensurepip ok: l9-ci-debt-lsp
ensurepip ok: l9-ci-debt-resolver
ensurepip ok: l9-ci-core
ensurepip ok: l9-ci-sdk
===== INSTALL l9-ci-debt-intelligence =====
  install exit=0
===== INSTALL l9-ci-debt-lsp =====
  install exit=0
===== INSTALL l9-ci-debt-resolver =====
  install exit=0
===== INSTALL l9-ci-core =====
  install exit=0
===== INSTALL l9-ci-sdk =====
  install exit=0
===== INSTALL l9-assurance =====
  install exit=0
===== INSTALL l9-harness =====
  install exit=0
===== INSTALL l9-pr-repair =====
  install exit=0
===== INSTALL l9-observability-core =====
  install exit=0
===== HEALTH l9-ci-debt-intelligence =====
  health exit=1
===== HEALTH l9-ci-debt-lsp =====
  health exit=0
===== HEALTH l9-ci-debt-resolver =====
  health exit=0
===== HEALTH l9-ci-core =====
  health exit=2
===== HEALTH l9-ci-sdk =====
  health exit=2
===== HEALTH l9-assurance =====
  health exit=0
===== HEALTH l9-harness =====
  health exit=0
===== HEALTH l9-pr-repair =====
  health exit=0
===== HEALTH l9-observability-core =====
  health exit=0
LAYER1_V2_DONE
