/home/user/l9-ci-sdk/.venv/bin/pre-commit run --all-files
ruff (legacy alias).......................................................Passed
ruff format...............................................................Passed
yamllint (infra profile)..................................................Passed
yamllint (data profile)...................................................Passed
biome check (format + lint + organize imports)............................Passed
governance documents parse as strict JSON.................................Passed
uses refs are SHA-pinned and Core pin is consistent.......................Passed
zizmor workflow security audit............................................Failed
- hook id: l9-zizmor
- exit code: 13

INFO zizmor: 🌈 zizmor v1.28.0
 WARN audit: zizmor: zizmor is running in offline mode by default; some audits and auto-fixes will not be available. see https://docs.zizmor.sh/usage/#operating-modes for details
 INFO audit: zizmor: 🌈 completed .github/dependabot.yml
 INFO audit: zizmor: 🌈 completed .github/workflows/ci.yml
 INFO audit: zizmor: 🌈 completed .github/workflows/l9-analysis-merge.yml
 INFO audit: zizmor: 🌈 completed .github/workflows/l9-analysis-release.yml
 INFO audit: zizmor: 🌈 completed .github/workflows/l9-analysis-supply-chain.yml
 INFO audit: zizmor: 🌈 completed .github/workflows/l9-analysis.yml
 INFO audit: zizmor: 🌈 completed .github/workflows/l9-biome-scan-dogfood.yml
 INFO audit: zizmor: 🌈 completed .github/workflows/l9-biome-scan.yml
 INFO audit: zizmor: 🌈 completed .github/workflows/l9-manifest-reconcile.yml
 INFO audit: zizmor: 🌈 completed .github/workflows/l9-nightly.yml
 INFO audit: zizmor: 🌈 completed .github/workflows/l9-self-ci.yml
 INFO audit: zizmor: 🌈 completed .github/workflows/l9-yaml-governance-dogfood.yml
 INFO audit: zizmor: 🌈 completed .github/workflows/l9-yaml-governance.yml
 INFO audit: zizmor: 🌈 completed .github/workflows/publish.yml
warning[secrets-inherit]: secrets unconditionally inherited by called workflow
  --> .github/workflows/l9-nightly.yml:15:11
   |
15 |     uses: Quantum-L9/l9-ci-core/.github/workflows/nightly.yml@0d3d8d3cf2828e1a8c01c237597feb3979c2ba52
   |           ^^^^^^^^^^^^^^^^^^^^^^^^^^^^^^^^^^^^^^^^^^^^^^^^^^^^^^^^^^^^^^^^^^^^^^^^^^^^^^^^^^^^^^^^^^^^ this reusable workflow
...
20 |     secrets: inherit
   |     ---------------- inherits all parent secrets
   |
   = note: audit confidence → High
   = help: audit documentation → https://docs.zizmor.sh/audits/#secrets-inherit

13 findings (1 ignored, 11 suppressed): 0 informational, 0 low, 1 medium, 0 high

make: *** [Makefile:116: hooks] Error 1
